Screen resolution: 3424x1926
title: 
title: 
title: csd-xsettings
title: csd-wacom
title: csd-automount
title: 
title: csd-background
title: csd-keyboard
title: csd-housekeeping
title: csd-clipboard
title: csd-power
title: csd-media-keys
title: csd-color
title: 
title: 
title: xdg-desktop-portal-xapp
title: cinnamon-launcher
title: xdg-desktop-portal-gtk
title: 
title: cinnamon
title: Mutter (Muffin)
title: 
title: 
title: 
title: 
title: 
title: xapp-sn-watcher
title: cinnamon
title: 
title: blueman-applet
title: cinnamon-killer-daemon
title: evolution-alarm-notify
title: 
title: caffeine
title: 
title: anytype
title: 
title: 
title: 
title: anytype
title: Homepage - Main - Anytype
title: Terminal
title: Terminal
title: 
title: mintUpdate.py
title: 
title: tray.py
title: 
title: google-chrome-stable
title: 
title: 
title: google-chrome-stable
title: Installing packages
title: nemo-desktop
title: 
title: nemo-desktop
title: Installing packages
title: Installing packages
title: 
title: xapp-sn-watcher
title: Update Manager
title: 
title: 
title: rustdesk
title: Desktop
title: 
title: 
title: 《野良神 第2季》全集在线观看 - 动漫 - 努努影院 - Google Chrome
title: 
title: cinnamon-screensaver-main.py
title: 
title: cinnamon
title: Sleep OSD
Window found, make it osd!
Screen resolution: 3424x1926
title: 
title: 
title: csd-xsettings
title: csd-wacom
title: csd-automount
title: 
title: csd-background
title: csd-keyboard
title: csd-housekeeping
title: csd-clipboard
title: csd-power
title: csd-media-keys
title: csd-color
title: 
title: 
title: xdg-desktop-portal-xapp
title: cinnamon-launcher
title: xdg-desktop-portal-gtk
title: 
title: cinnamon
title: Mutter (Muffin)
title: 
title: 
title: 
title: 
title: 
title: xapp-sn-watcher
title: cinnamon
title: 
title: blueman-applet
title: cinnamon-killer-daemon
title: evolution-alarm-notify
title: 
title: caffeine
title: 
title: anytype
title: 
title: 
title: 
title: anytype
title: Homepage - Main - Anytype
title: Terminal
title: Terminal
title: 
title: mintUpdate.py
title: 
title: tray.py
title: 
title: google-chrome-stable
title: 
title: 
title: google-chrome-stable
title: Installing packages
title: nemo-desktop
title: 
title: nemo-desktop
title: Installing packages
title: Installing packages
title: 
title: xapp-sn-watcher
title: Update Manager
title: 
title: 
title: rustdesk
title: Desktop
title: 
title: 
title: 《野良神 第2季》全集在线观看 - 动漫 - 努努影院 - Google Chrome
title: 
title: cinnamon-screensaver-main.py
title: 
title: cinnamon
title: Sleep OSD
Window found, make it osd!
